python : Search module disabled: GOOGLE_API_KEY and GOOGLE_CSE_ID must be set in environment variables.
At line:1 char:13
+ cd backend; python -c "from assistants.concierge import Concierge; c  ...
+             ~~~~~~~~~~~~~~~~~~~~~~~~~~~~~~~~~~~~~~~~~~~~~~~~~~~~~~~~~
    + CategoryInfo          : NotSpecified: (Search module d...ment variables.:String) [], RemoteException
    + FullyQualifiedErrorId : NativeCommandError
 
\u274c ChromaDB initialization failed: Could not connect to tenant default_tenant. Are you sure it exists?
ChromaDB service is not available
2025-08-29 12:41:27,413 - assistants.concierge - INFO - Message classified as: simple_query
Concierge initialized: Concierge
Response: I understand you're asking about Hello. As an SBA assistant, I can help with small business questions, loan information, and business planning resources. Could you provide more details about what specific information you're looking for?
